// Jest Snapshot v1, https://goo.gl/fbAQLP

exports[`<ParticipantList /> renders this UI as expected 1`] = `
<section
  className="participantList"
/>
`;
