// Jest Snapshot v1, https://goo.gl/fbAQLP

exports[`<Participant /> renders this UI as expected 1`] = `
<div
  className="Participant"
>
  <img
    alt="participants avatar"
  />
  <h2 />
  <p>
    left the session
  </p>
</div>
`;
